Archive member included to satisfy reference by file (symbol)

/opt/xpack-riscv-none-elf-gcc-13.2.0-2/bin/../lib/gcc/riscv-none-elf/13.2.0/rv32ima/ilp32/libgcc.a(muldf3.o)
                              ./src/bsp/hbird-e200/stubs/printf.o (__muldf3)
/opt/xpack-riscv-none-elf-gcc-13.2.0-2/bin/../lib/gcc/riscv-none-elf/13.2.0/rv32ima/ilp32/libgcc.a(fixunsdfsi.o)
                              ./src/bsp/hbird-e200/stubs/printf.o (__fixunsdfsi)
/opt/xpack-riscv-none-elf-gcc-13.2.0-2/bin/../lib/gcc/riscv-none-elf/13.2.0/rv32ima/ilp32/libgcc.a(_clzsi2.o)
                              /opt/xpack-riscv-none-elf-gcc-13.2.0-2/bin/../lib/gcc/riscv-none-elf/13.2.0/rv32ima/ilp32/libgcc.a(muldf3.o) (__clzsi2)
/opt/xpack-riscv-none-elf-gcc-13.2.0-2/bin/../lib/gcc/riscv-none-elf/13.2.0/rv32ima/ilp32/libgcc.a(_clz.o)
                              /opt/xpack-riscv-none-elf-gcc-13.2.0-2/bin/../lib/gcc/riscv-none-elf/13.2.0/rv32ima/ilp32/libgcc.a(_clzsi2.o) (__clz_tab)
/opt/xpack-riscv-none-elf-gcc-13.2.0-2/bin/../lib/gcc/riscv-none-elf/13.2.0/../../../../riscv-none-elf/lib/rv32ima/ilp32/libg_nano.a(libc_a-atexit.o)
                              ./src/bsp/hbird-e200/env/start.o (atexit)
/opt/xpack-riscv-none-elf-gcc-13.2.0-2/bin/../lib/gcc/riscv-none-elf/13.2.0/../../../../riscv-none-elf/lib/rv32ima/ilp32/libg_nano.a(libc_a-exit.o)
                              ./src/bsp/hbird-e200/env/start.o (exit)
/opt/xpack-riscv-none-elf-gcc-13.2.0-2/bin/../lib/gcc/riscv-none-elf/13.2.0/../../../../riscv-none-elf/lib/rv32ima/ilp32/libg_nano.a(libc_a-findfp.o)
                              /opt/xpack-riscv-none-elf-gcc-13.2.0-2/bin/../lib/gcc/riscv-none-elf/13.2.0/../../../../riscv-none-elf/lib/rv32ima/ilp32/libg_nano.a(libc_a-exit.o) (__stdio_exit_handler)
/opt/xpack-riscv-none-elf-gcc-13.2.0-2/bin/../lib/gcc/riscv-none-elf/13.2.0/../../../../riscv-none-elf/lib/rv32ima/ilp32/libg_nano.a(libc_a-fwalk.o)
                              /opt/xpack-riscv-none-elf-gcc-13.2.0-2/bin/../lib/gcc/riscv-none-elf/13.2.0/../../../../riscv-none-elf/lib/rv32ima/ilp32/libg_nano.a(libc_a-findfp.o) (_fwalk_sglue)
/opt/xpack-riscv-none-elf-gcc-13.2.0-2/bin/../lib/gcc/riscv-none-elf/13.2.0/../../../../riscv-none-elf/lib/rv32ima/ilp32/libg_nano.a(libc_a-printf.o)
                              ./src/bsp/hbird-e200/env/init.o (printf)
/opt/xpack-riscv-none-elf-gcc-13.2.0-2/bin/../lib/gcc/riscv-none-elf/13.2.0/../../../../riscv-none-elf/lib/rv32ima/ilp32/libg_nano.a(libc_a-stdio.o)
                              /opt/xpack-riscv-none-elf-gcc-13.2.0-2/bin/../lib/gcc/riscv-none-elf/13.2.0/../../../../riscv-none-elf/lib/rv32ima/ilp32/libg_nano.a(libc_a-findfp.o) (__sread)
/opt/xpack-riscv-none-elf-gcc-13.2.0-2/bin/../lib/gcc/riscv-none-elf/13.2.0/../../../../riscv-none-elf/lib/rv32ima/ilp32/libg_nano.a(libc_a-strnlen.o)
                              ./src/bsp/hbird-e200/stubs/printf.o (strnlen)
/opt/xpack-riscv-none-elf-gcc-13.2.0-2/bin/../lib/gcc/riscv-none-elf/13.2.0/../../../../riscv-none-elf/lib/rv32ima/ilp32/libg_nano.a(libc_a-closer.o)
                              /opt/xpack-riscv-none-elf-gcc-13.2.0-2/bin/../lib/gcc/riscv-none-elf/13.2.0/../../../../riscv-none-elf/lib/rv32ima/ilp32/libg_nano.a(libc_a-stdio.o) (_close_r)
/opt/xpack-riscv-none-elf-gcc-13.2.0-2/bin/../lib/gcc/riscv-none-elf/13.2.0/../../../../riscv-none-elf/lib/rv32ima/ilp32/libg_nano.a(libc_a-reent.o)
                              /opt/xpack-riscv-none-elf-gcc-13.2.0-2/bin/../lib/gcc/riscv-none-elf/13.2.0/../../../../riscv-none-elf/lib/rv32ima/ilp32/libg_nano.a(libc_a-closer.o) (errno)
/opt/xpack-riscv-none-elf-gcc-13.2.0-2/bin/../lib/gcc/riscv-none-elf/13.2.0/../../../../riscv-none-elf/lib/rv32ima/ilp32/libg_nano.a(libc_a-impure.o)
                              /opt/xpack-riscv-none-elf-gcc-13.2.0-2/bin/../lib/gcc/riscv-none-elf/13.2.0/../../../../riscv-none-elf/lib/rv32ima/ilp32/libg_nano.a(libc_a-printf.o) (_impure_ptr)
/opt/xpack-riscv-none-elf-gcc-13.2.0-2/bin/../lib/gcc/riscv-none-elf/13.2.0/../../../../riscv-none-elf/lib/rv32ima/ilp32/libg_nano.a(libc_a-lseekr.o)
                              /opt/xpack-riscv-none-elf-gcc-13.2.0-2/bin/../lib/gcc/riscv-none-elf/13.2.0/../../../../riscv-none-elf/lib/rv32ima/ilp32/libg_nano.a(libc_a-stdio.o) (_lseek_r)
/opt/xpack-riscv-none-elf-gcc-13.2.0-2/bin/../lib/gcc/riscv-none-elf/13.2.0/../../../../riscv-none-elf/lib/rv32ima/ilp32/libg_nano.a(libc_a-readr.o)
                              /opt/xpack-riscv-none-elf-gcc-13.2.0-2/bin/../lib/gcc/riscv-none-elf/13.2.0/../../../../riscv-none-elf/lib/rv32ima/ilp32/libg_nano.a(libc_a-stdio.o) (_read_r)
/opt/xpack-riscv-none-elf-gcc-13.2.0-2/bin/../lib/gcc/riscv-none-elf/13.2.0/../../../../riscv-none-elf/lib/rv32ima/ilp32/libg_nano.a(libc_a-writer.o)
                              /opt/xpack-riscv-none-elf-gcc-13.2.0-2/bin/../lib/gcc/riscv-none-elf/13.2.0/../../../../riscv-none-elf/lib/rv32ima/ilp32/libg_nano.a(libc_a-stdio.o) (_write_r)
[...]
Memory Configuration

Name             Origin             Length             Attributes
itcm             0x80000000         0x00004000         axrl!w
ram              0x90000000         0x00004000         axw!rl
*default*        0x00000000         0xffffffff

Linker script and memory map

LOAD ./src/bsp/hbird-e200/stubs/_exit.o
LOAD ./src/bsp/hbird-e200/stubs/close.o
LOAD ./src/bsp/hbird-e200/stubs/fstat.o
LOAD ./src/bsp/hbird-e200/stubs/isatty.o
LOAD ./src/bsp/hbird-e200/stubs/lseek.o
LOAD ./src/bsp/hbird-e200/stubs/malloc.o
LOAD ./src/bsp/hbird-e200/stubs/printf.o
LOAD ./src/bsp/hbird-e200/stubs/read.o
LOAD ./src/bsp/hbird-e200/stubs/sbrk.o
LOAD ./src/bsp/hbird-e200/stubs/write.o
LOAD ./src/bsp/hbird-e200/stubs/write_hex.o
LOAD ./src/bsp/hbird-e200/env/entry.o
LOAD ./src/bsp/hbird-e200/env/init.o
LOAD ./src/bsp/hbird-e200/env/start.o
LOAD ./src/bsp/hbird-e200/drivers/bitmap/bitmap.o
LOAD ./src/bsp/hbird-e200/drivers/plic/plic_driver.o
LOAD ./src/bsp/hbird-e200/drivers/hclkgen/hclkgen_driver.o
LOAD ./src/main.o
LOAD /opt/xpack-riscv-none-elf-gcc-13.2.0-2/bin/../lib/gcc/riscv-none-elf/13.2.0/rv32ima/ilp32/libgcc.a
LOAD /opt/xpack-riscv-none-elf-gcc-13.2.0-2/bin/../lib/gcc/riscv-none-elf/13.2.0/../../../../riscv-none-elf/lib/rv32ima/ilp32/libg_nano.a
LOAD /opt/xpack-riscv-none-elf-gcc-13.2.0-2/bin/../lib/gcc/riscv-none-elf/13.2.0/../../../../riscv-none-elf/lib/rv32ima/ilp32/libc_nano.a
LOAD /opt/xpack-riscv-none-elf-gcc-13.2.0-2/bin/../lib/gcc/riscv-none-elf/13.2.0/rv32ima/ilp32/libgcc.a
START GROUP
LOAD /opt/xpack-riscv-none-elf-gcc-13.2.0-2/bin/../lib/gcc/riscv-none-elf/13.2.0/rv32ima/ilp32/libgcc.a
LOAD /opt/xpack-riscv-none-elf-gcc-13.2.0-2/bin/../lib/gcc/riscv-none-elf/13.2.0/../../../../riscv-none-elf/lib/rv32ima/ilp32/libc_nano.a
LOAD /opt/xpack-riscv-none-elf-gcc-13.2.0-2/bin/../lib/gcc/riscv-none-elf/13.2.0/../../../../riscv-none-elf/lib/rv32ima/ilp32/libgloss_nano.a
END GROUP
                0x00000800                        __stack_size = DEFINED (__stack_size)?__stack_size:0x800

.init           0x80000000       0xc0
 *(SORT_NONE(.init))
 .init          0x80000000       0xc0 ./src/bsp/hbird-e200/env/start.o
                0x80000000                _start

.ilalign        0x800000c0        0x0
                0x800000c0                        . = ALIGN (0x4)
                0x800000c0                        PROVIDE (_itcm_lma = .)

.ialign         0x800000c0        0x0
                0x800000c0                        PROVIDE (_itcm = .)

.text           0x800000c0     0x24b0
 *(.text.unlikely .text.unlikely.*)
 *(.text.startup .text.startup.*)
 .text.startup.main
                0x800000c0      0x29c ./src/main.o
                0x800000c0                main
 *(.text .text.*)
 .text._exit    0x8000035c       0x94 ./src/bsp/hbird-e200/stubs/_exit.o
                0x8000035c                _exit
 .text._close   0x800003f0        0x8 ./src/bsp/hbird-e200/stubs/close.o
                0x800003f0                _close
 .text._fstat   0x800003f8       0x3c ./src/bsp/hbird-e200/stubs/fstat.o
                0x800003f8                _fstat
 .text._isatty  0x80000434        0xc ./src/bsp/hbird-e200/stubs/isatty.o
                0x80000434                _isatty
 .text._lseek   0x80000440       0x20 ./src/bsp/hbird-e200/stubs/lseek.o
                0x80000440                _lseek
 .text._read    0x80000460        0x8 ./src/bsp/hbird-e200/stubs/read.o
                0x80000460                _read
 .text._sbrk    0x80000468       0x38 ./src/bsp/hbird-e200/stubs/sbrk.o
                0x80000468                _sbrk
 .text._write   0x800004a0       0x88 ./src/bsp/hbird-e200/stubs/write.o
                0x800004a0                _write
 .text.write_hex
                0x80000528       0xd4 ./src/bsp/hbird-e200/stubs/write_hex.o
                0x80000528                write_hex
 .text.entry    0x800005fc       0xa0 ./src/bsp/hbird-e200/env/entry.o
                0x800005fc                trap_entry
 .text.measure_cpu_freq
                0x8000069c       0x50 ./src/bsp/hbird-e200/env/init.o
 .text.handle_m_ext_interrupt
                0x800006ec        0x4 ./src/bsp/hbird-e200/env/init.o
                0x800006ec                handle_m_ext_interrupt
 .text.handle_m_time_interrupt
                0x800006f0        0x4 ./src/bsp/hbird-e200/env/init.o
                0x800006f0                handle_m_time_interrupt
 .text.handle_trap
                0x800006f4       0x88 ./src/bsp/hbird-e200/env/init.o
                0x800006f4                handle_trap
 .text._init    0x8000077c       0xb4 ./src/bsp/hbird-e200/env/init.o
                0x8000077c                _init
 .text._fini    0x80000830        0x4 ./src/bsp/hbird-e200/env/init.o
                0x80000830                _fini
 .text.atexit   0x80000834       0x14 /opt/xpack-riscv-none-elf-gcc-13.2.0-2/bin/../lib/gcc/riscv-none-elf/13.2.0/../../../../riscv-none-elf/lib/rv32ima/ilp32/libg_nano.a(libc_a-atexit.o)
                0x80000834                atexit
 .text.exit     0x80000848       0x38 /opt/xpack-riscv-none-elf-gcc-13.2.0-2/bin/../lib/gcc/riscv-none-elf/13.2.0/../../../../riscv-none-elf/lib/rv32ima/ilp32/libg_nano.a(libc_a-exit.o)
                0x80000848                exit
 .text.std      0x80000880       0xbc /opt/xpack-riscv-none-elf-gcc-13.2.0-2/bin/../lib/gcc/riscv-none-elf/13.2.0/../../../../riscv-none-elf/lib/rv32ima/ilp32/libg_nano.a(libc_a-findfp.o)
 .text.stdio_exit_handler
                0x8000093c       0x1c /opt/xpack-riscv-none-elf-gcc-13.2.0-2/bin/../lib/gcc/riscv-none-elf/13.2.0/../../../../riscv-none-elf/lib/rv32ima/ilp32/libg_nano.a(libc_a-findfp.o)
 .text.cleanup_stdio
                0x80000958       0x6c /opt/xpack-riscv-none-elf-gcc-13.2.0-2/bin/../lib/gcc/riscv-none-elf/13.2.0/../../../../riscv-none-elf/lib/rv32ima/ilp32/libg_nano.a(libc_a-findfp.o)
 .text.global_stdio_init.part.0
                0x800009c4       0x54 /opt/xpack-riscv-none-elf-gcc-13.2.0-2/bin/../lib/gcc/riscv-none-elf/13.2.0/../../../../riscv-none-elf/lib/rv32ima/ilp32/libg_nano.a(libc_a-findfp.o)
 .text.__sfp_lock_acquire
                0x80000a18        0x8 /opt/xpack-riscv-none-elf-gcc-13.2.0-2/bin/../lib/gcc/riscv-none-elf/13.2.0/../../../../riscv-none-elf/lib/rv32ima/ilp32/libg_nano.a(libc_a-findfp.o)
                0x80000a18                __sfp_lock_acquire
 .text.__sfp_lock_release
                0x80000a20        0x8 /opt/xpack-riscv-none-elf-gcc-13.2.0-2/bin/../lib/gcc/riscv-none-elf/13.2.0/../../../../riscv-none-elf/lib/rv32ima/ilp32/libg_nano.a(libc_a-findfp.o)
                0x80000a20                __sfp_lock_release
 .text.__sinit  0x80000a28       0x48 /opt/xpack-riscv-none-elf-gcc-13.2.0-2/bin/../lib/gcc/riscv-none-elf/13.2.0/../../../../riscv-none-elf/lib/rv32ima/ilp32/libg_nano.a(libc_a-findfp.o)
                0x80000a28                __sinit
 .text._fwalk_sglue
                0x80000a70       0xb0 /opt/xpack-riscv-none-elf-gcc-13.2.0-2/bin/../lib/gcc/riscv-none-elf/13.2.0/../../../../riscv-none-elf/lib/rv32ima/ilp32/libg_nano.a(libc_a-fwalk.o)
                0x80000a70                _fwalk_sglue
 .text.printf   0x80000b20       0x50 /opt/xpack-riscv-none-elf-gcc-13.2.0-2/bin/../lib/gcc/riscv-none-elf/13.2.0/../../../../riscv-none-elf/lib/rv32ima/ilp32/libg_nano.a(libc_a-printf.o)
                0x80000b20                printf
                0x80000b20                iprintf
 .text.__sread  0x80000b70       0x50 /opt/xpack-riscv-none-elf-gcc-13.2.0-2/bin/../lib/gcc/riscv-none-elf/13.2.0/../../../../riscv-none-elf/lib/rv32ima/ilp32/libg_nano.a(libc_a-stdio.o)
                0x80000b70                __sread
 .text.__swrite
                0x80000bc0       0x84 /opt/xpack-riscv-none-elf-gcc-13.2.0-2/bin/../lib/gcc/riscv-none-elf/13.2.0/../../../../riscv-none-elf/lib/rv32ima/ilp32/libg_nano.a(libc_a-stdio.o)
                0x80000bc0                __swrite
 .text.__sseek  0x80000c44       0x58 /opt/xpack-riscv-none-elf-gcc-13.2.0-2/bin/../lib/gcc/riscv-none-elf/13.2.0/../../../../riscv-none-elf/lib/rv32ima/ilp32/libg_nano.a(libc_a-stdio.o)
                0x80000c44                __sseek
 .text.__sclose
                0x80000c9c        0x8 /opt/xpack-riscv-none-elf-gcc-13.2.0-2/bin/../lib/gcc/riscv-none-elf/13.2.0/../../../../riscv-none-elf/lib/rv32ima/ilp32/libg_nano.a(libc_a-stdio.o)
                0x80000c9c                __sclose
 .text._close_r
                0x80000ca4       0x40 /opt/xpack-riscv-none-elf-gcc-13.2.0-2/bin/../lib/gcc/riscv-none-elf/13.2.0/../../../../riscv-none-elf/lib/rv32ima/ilp32/libg_nano.a(libc_a-closer.o)
                0x80000ca4                _close_r
 .text._lseek_r
                0x80000ce4       0x48 /opt/xpack-riscv-none-elf-gcc-13.2.0-2/bin/../lib/gcc/riscv-none-elf/13.2.0/../../../../riscv-none-elf/lib/rv32ima/ilp32/libg_nano.a(libc_a-lseekr.o)
                0x80000ce4                _lseek_r
 .text._read_r  0x80000d2c       0x48 /opt/xpack-riscv-none-elf-gcc-13.2.0-2/bin/../lib/gcc/riscv-none-elf/13.2.0/../../../../riscv-none-elf/lib/rv32ima/ilp32/libg_nano.a(libc_a-readr.o)
                0x80000d2c                _read_r
 .text._write_r
                0x80000d74       0x48 /opt/xpack-riscv-none-elf-gcc-13.2.0-2/bin/../lib/gcc/riscv-none-elf/13.2.0/../../../../riscv-none-elf/lib/rv32ima/ilp32/libg_nano.a(libc_a-writer.o)
                0x80000d74                _write_r
 .text.__libc_init_array
                0x80000dbc       0x94 /opt/xpack-riscv-none-elf-gcc-13.2.0-2/bin/../lib/gcc/riscv-none-elf/13.2.0/../../../../riscv-none-elf/lib/rv32ima/ilp32/libg_nano.a(libc_a-init.o)
                0x80000dbc                __libc_init_array
 .text.__libc_fini_array
                0x80000e50       0x58 /opt/xpack-riscv-none-elf-gcc-13.2.0-2/bin/../lib/gcc/riscv-none-elf/13.2.0/../../../../riscv-none-elf/lib/rv32ima/ilp32/libg_nano.a(libc_a-fini.o)
                0x80000e50                __libc_fini_array
 .text.__retarget_lock_init_recursive
                0x80000ea8        0x4 /opt/xpack-riscv-none-elf-gcc-13.2.0-2/bin/../lib/gcc/riscv-none-elf/13.2.0/../../../../riscv-none-elf/lib/rv32ima/ilp32/libg_nano.a(libc_a-lock.o)
                0x80000ea8                __retarget_lock_init_recursive
 .text.__retarget_lock_acquire_recursive
                0x80000eac        0x4 /opt/xpack-riscv-none-elf-gcc-13.2.0-2/bin/../lib/gcc/riscv-none-elf/13.2.0/../../../../riscv-none-elf/lib/rv32ima/ilp32/libg_nano.a(libc_a-lock.o)
                0x80000eac                __retarget_lock_acquire_recursive
 .text.__retarget_lock_release_recursive
                0x80000eb0        0x4 /opt/xpack-riscv-none-elf-gcc-13.2.0-2/bin/../lib/gcc/riscv-none-elf/13.2.0/../../../../riscv-none-elf/lib/rv32ima/ilp32/libg_nano.a(libc_a-lock.o)
                0x80000eb0                __retarget_lock_release_recursive
 .text.isatty   0x80000eb4        0x4 /opt/xpack-riscv-none-elf-gcc-13.2.0-2/bin/../lib/gcc/riscv-none-elf/13.2.0/../../../../riscv-none-elf/lib/rv32ima/ilp32/libg_nano.a(libc_a-sysisatty.o)
                0x80000eb4                isatty
 .text.write    0x80000eb8       0x18 /opt/xpack-riscv-none-elf-gcc-13.2.0-2/bin/../lib/gcc/riscv-none-elf/13.2.0/../../../../riscv-none-elf/lib/rv32ima/ilp32/libg_nano.a(libc_a-syswrite.o)
                0x80000eb8                write
 .text          0x80000ed0       0x1c /opt/xpack-riscv-none-elf-gcc-13.2.0-2/bin/../lib/gcc/riscv-none-elf/13.2.0/../../../../riscv-none-elf/lib/rv32ima/ilp32/libg_nano.a(libc_a-memset.o)
                0x80000ed0                memset
 .text.__register_exitproc
                0x80000eec       0xfc /opt/xpack-riscv-none-elf-gcc-13.2.0-2/bin/../lib/gcc/riscv-none-elf/13.2.0/../../../../riscv-none-elf/lib/rv32ima/ilp32/libg_nano.a(libc_a-__atexit.o)
                0x80000eec                __register_exitproc
 .text.__call_exitprocs
                0x80000fe8      0x148 /opt/xpack-riscv-none-elf-gcc-13.2.0-2/bin/../lib/gcc/riscv-none-elf/13.2.0/../../../../riscv-none-elf/lib/rv32ima/ilp32/libg_nano.a(libc_a-__call_atexit.o)
                0x80000fe8                __call_exitprocs
 .text._free_r  0x80001130       0xfc /opt/xpack-riscv-none-elf-gcc-13.2.0-2/bin/../lib/gcc/riscv-none-elf/13.2.0/../../../../riscv-none-elf/lib/rv32ima/ilp32/libg_nano.a(libc_a-freer.o)
                0x80001130                _free_r
 .text.sbrk_aligned
                0x8000122c       0x88 /opt/xpack-riscv-none-elf-gcc-13.2.0-2/bin/../lib/gcc/riscv-none-elf/13.2.0/../../../../riscv-none-elf/lib/rv32ima/ilp32/libg_nano.a(libc_a-mallocr.o)
 .text._malloc_r
                0x800012b4      0x1c4 /opt/xpack-riscv-none-elf-gcc-13.2.0-2/bin/../lib/gcc/riscv-none-elf/13.2.0/../../../../riscv-none-elf/lib/rv32ima/ilp32/libg_nano.a(libc_a-mallocr.o)
                0x800012b4                _malloc_r
 .text.__malloc_lock
                0x80001478        0x8 /opt/xpack-riscv-none-elf-gcc-13.2.0-2/bin/../lib/gcc/riscv-none-elf/13.2.0/../../../../riscv-none-elf/lib/rv32ima/ilp32/libg_nano.a(libc_a-mlock.o)
                0x80001478                __malloc_lock
 .text.__malloc_unlock
                0x80001480        0x8 /opt/xpack-riscv-none-elf-gcc-13.2.0-2/bin/../lib/gcc/riscv-none-elf/13.2.0/../../../../riscv-none-elf/lib/rv32ima/ilp32/libg_nano.a(libc_a-mlock.o)
                0x80001480                __malloc_unlock
 .text.__sfputc_r
                0x80001488       0x3c /opt/xpack-riscv-none-elf-gcc-13.2.0-2/bin/../lib/gcc/riscv-none-elf/13.2.0/../../../../riscv-none-elf/lib/rv32ima/ilp32/libg_nano.a(libc_a-nano-vfprintf.o)
 .text.__sfputs_r
                0x800014c4       0x74 /opt/xpack-riscv-none-elf-gcc-13.2.0-2/bin/../lib/gcc/riscv-none-elf/13.2.0/../../../../riscv-none-elf/lib/rv32ima/ilp32/libg_nano.a(libc_a-nano-vfprintf.o)
                0x800014c4                __sfputs_r
 .text._vfprintf_r
                0x80001538      0x3ec /opt/xpack-riscv-none-elf-gcc-13.2.0-2/bin/../lib/gcc/riscv-none-elf/13.2.0/../../../../riscv-none-elf/lib/rv32ima/ilp32/libg_nano.a(libc_a-nano-vfprintf.o)
                0x80001538                _vfiprintf_r
                0x80001538                _vfprintf_r
 .text._printf_common
                0x80001924      0x1b0 /opt/xpack-riscv-none-elf-gcc-13.2.0-2/bin/../lib/gcc/riscv-none-elf/13.2.0/../../../../riscv-none-elf/lib/rv32ima/ilp32/libg_nano.a(libc_a-nano-vfprintf_i.o)
                0x80001924                _printf_common
 .text._printf_i
                0x80001ad4      0x394 /opt/xpack-riscv-none-elf-gcc-13.2.0-2/bin/../lib/gcc/riscv-none-elf/13.2.0/../../../../riscv-none-elf/lib/rv32ima/ilp32/libg_nano.a(libc_a-nano-vfprintf_i.o)
                0x80001ad4                _printf_i
 .text.__sflush_r
                0x80001e68      0x1dc /opt/xpack-riscv-none-elf-gcc-13.2.0-2/bin/../lib/gcc/riscv-none-elf/13.2.0/../../../../riscv-none-elf/lib/rv32ima/ilp32/libg_nano.a(libc_a-fflush.o)
                0x80001e68                __sflush_r
 .text._fflush_r
                0x80002044       0xa4 /opt/xpack-riscv-none-elf-gcc-13.2.0-2/bin/../lib/gcc/riscv-none-elf/13.2.0/../../../../riscv-none-elf/lib/rv32ima/ilp32/libg_nano.a(libc_a-fflush.o)
                0x80002044                _fflush_r
 .text.__swbuf_r
                0x800020e8      0x100 /opt/xpack-riscv-none-elf-gcc-13.2.0-2/bin/../lib/gcc/riscv-none-elf/13.2.0/../../../../riscv-none-elf/lib/rv32ima/ilp32/libg_nano.a(libc_a-wbuf.o)
                0x800020e8                __swbuf_r
 .text.__swsetup_r
                0x800021e8      0x124 /opt/xpack-riscv-none-elf-gcc-13.2.0-2/bin/../lib/gcc/riscv-none-elf/13.2.0/../../../../riscv-none-elf/lib/rv32ima/ilp32/libg_nano.a(libc_a-wsetup.o)
                0x800021e8                __swsetup_r
 .text.memchr   0x8000230c       0x24 /opt/xpack-riscv-none-elf-gcc-13.2.0-2/bin/../lib/gcc/riscv-none-elf/13.2.0/../../../../riscv-none-elf/lib/rv32ima/ilp32/libg_nano.a(libc_a-memchr.o)
                0x8000230c                memchr
 .text._sbrk_r  0x80002330       0x40 /opt/xpack-riscv-none-elf-gcc-13.2.0-2/bin/../lib/gcc/riscv-none-elf/13.2.0/../../../../riscv-none-elf/lib/rv32ima/ilp32/libg_nano.a(libc_a-sbrkr.o)
                0x80002330                _sbrk_r
 .text.__swhatbuf_r
                0x80002370       0x90 /opt/xpack-riscv-none-elf-gcc-13.2.0-2/bin/../lib/gcc/riscv-none-elf/13.2.0/../../../../riscv-none-elf/lib/rv32ima/ilp32/libg_nano.a(libc_a-makebuf.o)
                0x80002370                __swhatbuf_r
 .text.__smakebuf_r
                0x80002400       0xec /opt/xpack-riscv-none-elf-gcc-13.2.0-2/bin/../lib/gcc/riscv-none-elf/13.2.0/../../../../riscv-none-elf/lib/rv32ima/ilp32/libg_nano.a(libc_a-makebuf.o)
                0x80002400                __smakebuf_r
 .text._fstat_r
                0x800024ec       0x44 /opt/xpack-riscv-none-elf-gcc-13.2.0-2/bin/../lib/gcc/riscv-none-elf/13.2.0/../../../../riscv-none-elf/lib/rv32ima/ilp32/libg_nano.a(libc_a-fstatr.o)
                0x800024ec                _fstat_r
 .text._isatty_r
                0x80002530       0x40 /opt/xpack-riscv-none-elf-gcc-13.2.0-2/bin/../lib/gcc/riscv-none-elf/13.2.0/../../../../riscv-none-elf/lib/rv32ima/ilp32/libg_nano.a(libc_a-isattyr.o)
                0x80002530                _isatty_r
 *(.gnu.linkonce.t.*)

.rela.dyn       0x80002570        0x0
 .rela.text._sbrk
                0x80002570        0x0 ./src/bsp/hbird-e200/stubs/_exit.o
 .rela.sdata.curbrk.0
                0x80002570        0x0 ./src/bsp/hbird-e200/stubs/_exit.o
 .rela.init     0x80002570        0x0 ./src/bsp/hbird-e200/stubs/_exit.o
 .rela.text.__libc_init_array
                0x80002570        0x0 ./src/bsp/hbird-e200/stubs/_exit.o
 .rela.text.__libc_fini_array
                0x80002570        0x0 ./src/bsp/hbird-e200/stubs/_exit.o
 .rela.text.__register_exitproc
                0x80002570        0x0 ./src/bsp/hbird-e200/stubs/_exit.o
 .rela.text._vfprintf_r
                0x80002570        0x0 ./src/bsp/hbird-e200/stubs/_exit.o

.fini
 *(SORT_NONE(.fini))
                0x80002570                        . = ALIGN (0x4)
                [!provide]                        PROVIDE (__etext = .)
                [!provide]                        PROVIDE (_etext = .)
                [!provide]                        PROVIDE (etext = .)
                0x80002570                        PROVIDE (_eitcm = .)

.preinit_array  0x80002570        0x0
                0x80002570                        PROVIDE (__preinit_array_start = .)
 *(.preinit_array)
                0x80002570                        PROVIDE (__preinit_array_end = .)

.init_array     0x80002570        0x0
                0x80002570                        PROVIDE (__init_array_start = .)
 *(SORT_BY_INIT_PRIORITY(.init_array.*) SORT_BY_INIT_PRIORITY(.ctors.*))
 *(.init_array EXCLUDE_FILE(*crtend?.o *crtend.o *crtbegin?.o *crtbegin.o) .ctors)
                0x80002570                        PROVIDE (__init_array_end = .)

.fini_array     0x80002570        0x0
                0x80002570                        PROVIDE (__fini_array_start = .)
 *(SORT_BY_INIT_PRIORITY(.fini_array.*) SORT_BY_INIT_PRIORITY(.dtors.*))
 *(.fini_array EXCLUDE_FILE(*crtend?.o *crtend.o *crtbegin?.o *crtbegin.o) .dtors)
                0x80002570                        PROVIDE (__fini_array_end = .)

.ctors
 *crtbegin.o(.ctors)
 *crtbegin?.o(.ctors)
 *(EXCLUDE_FILE(*crtend?.o *crtend.o) .ctors)
 *(SORT_BY_NAME(.ctors.*))
 *(.ctors)

.dtors
 *crtbegin.o(.dtors)
 *crtbegin?.o(.dtors)
 *(EXCLUDE_FILE(*crtend?.o *crtend.o) .dtors)
 *(SORT_BY_NAME(.dtors.*))
 *(.dtors)
                0x80002570                        . = ALIGN (0x4)
                [!provide]                        PROVIDE (_eitcm = .)

.lalign         0x80002570        0x0
                0x80002570                        . = ALIGN (0x4)
                0x80002570                        PROVIDE (_data_lma = .)

.dalign         0x90000000        0x0 load address 0x80002570
                0x90000000                        . = ALIGN (0x4)
                0x90000000                        PROVIDE (_data = .)

.data           0x90000000      0xda0 load address 0x80002570
 *(.rdata)
 *(.rodata .rodata.*)
 .rodata._exit.str1.4
                0x90000000       0x81 ./src/bsp/hbird-e200/stubs/_exit.o
                                 0x23 (size before relaxing)
 .rodata.write_hex.str1.4
                0x90000081        0x3 ./src/bsp/hbird-e200/stubs/write_hex.o
 .rodata.handle_trap.str1.4
                0x90000081        0x6 ./src/bsp/hbird-e200/env/init.o
 .rodata._init.str1.4
                0x90000081       0x15 ./src/bsp/hbird-e200/env/init.o
 *fill*         0x90000081        0x3 
 .rodata        0x90000084       0x5c ./src/main.o
 .rodata._vfprintf_r.str1.4
                0x900000e0       0x13 /opt/xpack-riscv-none-elf-gcc-13.2.0-2/bin/../lib/gcc/riscv-none-elf/13.2.0/../../../../riscv-none-elf/lib/rv32ima/ilp32/libg_nano.a(libc_a-nano-vfprintf.o)
 .rodata._printf_i.str1.4
                0x900000e0       0x25 /opt/xpack-riscv-none-elf-gcc-13.2.0-2/bin/../lib/gcc/riscv-none-elf/13.2.0/../../../../riscv-none-elf/lib/rv32ima/ilp32/libg_nano.a(libc_a-nano-vfprintf_i.o)
 .rodata._printf_i
                0x900000e0       0x58 /opt/xpack-riscv-none-elf-gcc-13.2.0-2/bin/../lib/gcc/riscv-none-elf/13.2.0/../../../../riscv-none-elf/lib/rv32ima/ilp32/libg_nano.a(libc_a-nano-vfprintf_i.o)
 *(.gnu.linkonce.r.*)
 *(.data .data.*)
 .data.bitmap   0x90000138      0xc00 ./src/bsp/hbird-e200/drivers/bitmap/bitmap.o
                0x90000138                bitmap
 .data.__sglue  0x90000d38        0xc /opt/xpack-riscv-none-elf-gcc-13.2.0-2/bin/../lib/gcc/riscv-none-elf/13.2.0/../../../../riscv-none-elf/lib/rv32ima/ilp32/libg_nano.a(libc_a-findfp.o)
                0x90000d38                __sglue
 .data._impure_data
                0x90000d44       0x4c /opt/xpack-riscv-none-elf-gcc-13.2.0-2/bin/../lib/gcc/riscv-none-elf/13.2.0/../../../../riscv-none-elf/lib/rv32ima/ilp32/libg_nano.a(libc_a-impure.o)
                0x90000d44                _impure_data
 *(.gnu.linkonce.d.*)
                0x90000d90                        . = ALIGN (0x8)
                0x90001590                        PROVIDE (__global_pointer$ = (. + 0x800))
 *(.sdata .sdata.*)
 .sdata.curbrk.0
                0x90000d90        0x4 ./src/bsp/hbird-e200/stubs/sbrk.o
 .sdata._impure_ptr
                0x90000d94        0x4 /opt/xpack-riscv-none-elf-gcc-13.2.0-2/bin/../lib/gcc/riscv-none-elf/13.2.0/../../../../riscv-none-elf/lib/rv32ima/ilp32/libg_nano.a(libc_a-impure.o)
                0x90000d94                _impure_ptr
 .sdata.__atexit_recursive_mutex
                0x90000d98        0x4 /opt/xpack-riscv-none-elf-gcc-13.2.0-2/bin/../lib/gcc/riscv-none-elf/13.2.0/../../../../riscv-none-elf/lib/rv32ima/ilp32/libg_nano.a(libc_a-__call_atexit.o)
                0x90000d98                __atexit_recursive_mutex
 *(.gnu.linkonce.s.*)
                0x90000da0                        . = ALIGN (0x8)
 *fill*         0x90000d9c        0x4 
 *(.srodata.cst16)
 *(.srodata.cst8)
 *(.srodata.cst4)
 *(.srodata.cst2)
 *(.srodata .srodata.*)
                0x90000da0                        . = ALIGN (0x4)
                0x90000da0                        PROVIDE (_edata = .)
                [!provide]                        PROVIDE (edata = .)
                [!provide]                        PROVIDE (_fbss = .)
                0x90000da0                        PROVIDE (__bss_start = .)

.bss            0x90000da0      0x1e4
 *(.sbss*)
 .sbss.__stdio_exit_handler
                0x90000da0        0x4 /opt/xpack-riscv-none-elf-gcc-13.2.0-2/bin/../lib/gcc/riscv-none-elf/13.2.0/../../../../riscv-none-elf/lib/rv32ima/ilp32/libg_nano.a(libc_a-findfp.o)
                0x90000da0                __stdio_exit_handler
 .sbss.errno    0x90000da4        0x4 /opt/xpack-riscv-none-elf-gcc-13.2.0-2/bin/../lib/gcc/riscv-none-elf/13.2.0/../../../../riscv-none-elf/lib/rv32ima/ilp32/libg_nano.a(libc_a-reent.o)
                0x90000da4                errno
 .sbss.__lock___malloc_recursive_mutex
                0x90000da8        0x1 /opt/xpack-riscv-none-elf-gcc-13.2.0-2/bin/../lib/gcc/riscv-none-elf/13.2.0/../../../../riscv-none-elf/lib/rv32ima/ilp32/libg_nano.a(libc_a-lock.o)
                0x90000da8                __lock___malloc_recursive_mutex
 *fill*         0x90000da9        0x3 
 .sbss.__lock___atexit_recursive_mutex
                0x90000dac        0x1 /opt/xpack-riscv-none-elf-gcc-13.2.0-2/bin/../lib/gcc/riscv-none-elf/13.2.0/../../../../riscv-none-elf/lib/rv32ima/ilp32/libg_nano.a(libc_a-lock.o)
                0x90000dac                __lock___atexit_recursive_mutex
 *fill*         0x90000dad        0x3 
 .sbss.__lock___sfp_recursive_mutex
                0x90000db0        0x1 /opt/xpack-riscv-none-elf-gcc-13.2.0-2/bin/../lib/gcc/riscv-none-elf/13.2.0/../../../../riscv-none-elf/lib/rv32ima/ilp32/libg_nano.a(libc_a-lock.o)
                0x90000db0                __lock___sfp_recursive_mutex
 *fill*         0x90000db1        0x3 
 .sbss.__atexit
                0x90000db4        0x4 /opt/xpack-riscv-none-elf-gcc-13.2.0-2/bin/../lib/gcc/riscv-none-elf/13.2.0/../../../../riscv-none-elf/lib/rv32ima/ilp32/libg_nano.a(libc_a-__call_atexit.o)
                0x90000db4                __atexit
 .sbss.__malloc_sbrk_start
                0x90000db8        0x4 /opt/xpack-riscv-none-elf-gcc-13.2.0-2/bin/../lib/gcc/riscv-none-elf/13.2.0/../../../../riscv-none-elf/lib/rv32ima/ilp32/libg_nano.a(libc_a-mallocr.o)
                0x90000db8                __malloc_sbrk_start
 .sbss.__malloc_free_list
                0x90000dbc        0x4 /opt/xpack-riscv-none-elf-gcc-13.2.0-2/bin/../lib/gcc/riscv-none-elf/13.2.0/../../../../riscv-none-elf/lib/rv32ima/ilp32/libg_nano.a(libc_a-mallocr.o)
                0x90000dbc                __malloc_free_list
 *(.gnu.linkonce.sb.*)
 *(.bss .bss.*)
 .bss.__sf      0x90000dc0      0x138 /opt/xpack-riscv-none-elf-gcc-13.2.0-2/bin/../lib/gcc/riscv-none-elf/13.2.0/../../../../riscv-none-elf/lib/rv32ima/ilp32/libg_nano.a(libc_a-findfp.o)
                0x90000dc0                __sf
 .bss.__atexit0
                0x90000ef8       0x8c /opt/xpack-riscv-none-elf-gcc-13.2.0-2/bin/../lib/gcc/riscv-none-elf/13.2.0/../../../../riscv-none-elf/lib/rv32ima/ilp32/libg_nano.a(libc_a-__atexit.o)
                0x90000ef8                __atexit0
 *(.gnu.linkonce.b.*)
 *(COMMON)
                0x90000f84                        . = ALIGN (0x4)
                0x90000f88                        . = ALIGN (0x8)
                0x90000f88                        PROVIDE (_end = .)
                [!provide]                        PROVIDE (end = .)

.stack          0x90003800      0x800 load address 0x90000f84
                0x90003800                        PROVIDE (_heap_end = .)
                0x00000800                        . = __stack_size
 *fill*         0x90003800      0x800 
                0x90004000                        PROVIDE (_sp = .)
OUTPUT(e203_my_periph_demo.elf elf32-littleriscv)

.debug_info     0x00000000     0x1545
 .debug_info    0x00000000      0x16e ./src/bsp/hbird-e200/stubs/_exit.o
 .debug_info    0x0000016e       0xc3 ./src/bsp/hbird-e200/stubs/close.o
 .debug_info    0x00000231      0x303 ./src/bsp/hbird-e200/stubs/fstat.o
 .debug_info    0x00000534       0xa5 ./src/bsp/hbird-e200/stubs/isatty.o
 .debug_info    0x000005d9      0x12e ./src/bsp/hbird-e200/stubs/lseek.o
 .debug_info    0x00000707       0xf5 ./src/bsp/hbird-e200/stubs/read.o
 .debug_info    0x000007fc       0xef ./src/bsp/hbird-e200/stubs/sbrk.o
 .debug_info    0x000008eb      0x18b ./src/bsp/hbird-e200/stubs/write.o
 .debug_info    0x00000a76      0x19f ./src/bsp/hbird-e200/stubs/write_hex.o
 .debug_info    0x00000c15       0x25 ./src/bsp/hbird-e200/env/entry.o
 .debug_info    0x00000c3a      0x572 ./src/bsp/hbird-e200/env/init.o
 .debug_info    0x000011ac       0x25 ./src/bsp/hbird-e200/env/start.o
 .debug_info    0x000011d1       0xbf ./src/bsp/hbird-e200/drivers/bitmap/bitmap.o
 .debug_info    0x00001290      0x2b5 ./src/main.o

.debug_abbrev   0x00000000      0xb60
 .debug_abbrev  0x00000000       0xf1 ./src/bsp/hbird-e200/stubs/_exit.o
 .debug_abbrev  0x000000f1       0x7c ./src/bsp/hbird-e200/stubs/close.o
 .debug_abbrev  0x0000016d       0xfb ./src/bsp/hbird-e200/stubs/fstat.o
 .debug_abbrev  0x00000268       0x58 ./src/bsp/hbird-e200/stubs/isatty.o
 .debug_abbrev  0x000002c0       0xbd ./src/bsp/hbird-e200/stubs/lseek.o
 .debug_abbrev  0x0000037d       0xa5 ./src/bsp/hbird-e200/stubs/read.o
 .debug_abbrev  0x00000422       0xad ./src/bsp/hbird-e200/stubs/sbrk.o
 .debug_abbrev  0x000004cf       0xfe ./src/bsp/hbird-e200/stubs/write.o
 .debug_abbrev  0x000005cd       0xfb ./src/bsp/hbird-e200/stubs/write_hex.o
 .debug_abbrev  0x000006c8       0x14 ./src/bsp/hbird-e200/env/entry.o
 .debug_abbrev  0x000006dc      0x2d8 ./src/bsp/hbird-e200/env/init.o
 .debug_abbrev  0x000009b4       0x14 ./src/bsp/hbird-e200/env/start.o
 .debug_abbrev  0x000009c8       0x6b ./src/bsp/hbird-e200/drivers/bitmap/bitmap.o
 .debug_abbrev  0x00000a33      0x12d ./src/main.o

.debug_loclists
                0x00000000      0x688
 .debug_loclists
                0x00000000       0x1d ./src/bsp/hbird-e200/stubs/_exit.o
 .debug_loclists
                0x0000001d       0x25 ./src/bsp/hbird-e200/stubs/close.o
 .debug_loclists
                0x00000042       0x48 ./src/bsp/hbird-e200/stubs/fstat.o
 .debug_loclists
                0x0000008a       0x2c ./src/bsp/hbird-e200/stubs/isatty.o
 .debug_loclists
                0x000000b6       0x57 ./src/bsp/hbird-e200/stubs/lseek.o
 .debug_loclists
                0x0000010d       0x25 ./src/bsp/hbird-e200/stubs/read.o
 .debug_loclists
                0x00000132       0x25 ./src/bsp/hbird-e200/stubs/sbrk.o
 .debug_loclists
                0x00000157       0xb4 ./src/bsp/hbird-e200/stubs/write.o
 .debug_loclists
                0x0000020b       0x8c ./src/bsp/hbird-e200/stubs/write_hex.o
 .debug_loclists
                0x00000297       0xc1 ./src/bsp/hbird-e200/env/init.o
 .debug_loclists
                0x00000358      0x330 ./src/main.o

.debug_aranges  0x00000000      0x208
 .debug_aranges
                0x00000000       0x20 ./src/bsp/hbird-e200/stubs/_exit.o
 .debug_aranges
                0x00000020       0x20 ./src/bsp/hbird-e200/stubs/close.o
 .debug_aranges
                0x00000040       0x20 ./src/bsp/hbird-e200/stubs/fstat.o
 .debug_aranges
                0x00000060       0x20 ./src/bsp/hbird-e200/stubs/isatty.o
 .debug_aranges
                0x00000080       0x20 ./src/bsp/hbird-e200/stubs/lseek.o
 .debug_aranges
                0x000000a0       0x20 ./src/bsp/hbird-e200/stubs/read.o
 .debug_aranges
                0x000000c0       0x20 ./src/bsp/hbird-e200/stubs/sbrk.o
 .debug_aranges
                0x000000e0       0x20 ./src/bsp/hbird-e200/stubs/write.o
 .debug_aranges
                0x00000100       0x20 ./src/bsp/hbird-e200/stubs/write_hex.o
 .debug_aranges
                0x00000120       0x20 ./src/bsp/hbird-e200/env/entry.o
 .debug_aranges
                0x00000140       0x70 ./src/bsp/hbird-e200/env/init.o
 .debug_aranges
                0x000001b0       0x20 ./src/bsp/hbird-e200/env/start.o
 .debug_aranges
                0x000001d0       0x18 ./src/bsp/hbird-e200/drivers/bitmap/bitmap.o
 .debug_aranges
                0x000001e8       0x20 ./src/main.o

.debug_rnglists
                0x00000000      0x197
 .debug_rnglists
                0x00000000       0x14 ./src/bsp/hbird-e200/stubs/_exit.o
 .debug_rnglists
                0x00000014       0x13 ./src/bsp/hbird-e200/stubs/close.o
 .debug_rnglists
                0x00000027       0x13 ./src/bsp/hbird-e200/stubs/fstat.o
 .debug_rnglists
                0x0000003a       0x13 ./src/bsp/hbird-e200/stubs/isatty.o
 .debug_rnglists
                0x0000004d       0x13 ./src/bsp/hbird-e200/stubs/lseek.o
 .debug_rnglists
                0x00000060       0x13 ./src/bsp/hbird-e200/stubs/read.o
 .debug_rnglists
                0x00000073       0x13 ./src/bsp/hbird-e200/stubs/sbrk.o
 .debug_rnglists
                0x00000086       0x20 ./src/bsp/hbird-e200/stubs/write.o
 .debug_rnglists
                0x000000a6       0x29 ./src/bsp/hbird-e200/stubs/write_hex.o
 .debug_rnglists
                0x000000cf       0x88 ./src/bsp/hbird-e200/env/init.o
 .debug_rnglists
                0x00000157       0x40 ./src/main.o

.debug_macro    0x00000000     0x5702
 .debug_macro   0x00000000      0x1e7 ./src/bsp/hbird-e200/stubs/_exit.o
 .debug_macro   0x000001e7      0x7ba ./src/bsp/hbird-e200/stubs/_exit.o
 .debug_macro   0x000009a1       0x22 ./src/bsp/hbird-e200/stubs/_exit.o
 .debug_macro   0x000009c3       0x8e ./src/bsp/hbird-e200/stubs/_exit.o
 .debug_macro   0x00000a51       0x51 ./src/bsp/hbird-e200/stubs/_exit.o
 .debug_macro   0x00000aa2      0x190 ./src/bsp/hbird-e200/stubs/_exit.o
 .debug_macro   0x00000c32      0x369 ./src/bsp/hbird-e200/stubs/_exit.o
 .debug_macro   0x00000f9b       0x6e ./src/bsp/hbird-e200/stubs/_exit.o
 .debug_macro   0x00001009       0x19 ./src/bsp/hbird-e200/stubs/_exit.o
 .debug_macro   0x00001022       0x3b ./src/bsp/hbird-e200/stubs/_exit.o
 .debug_macro   0x0000105d       0x34 ./src/bsp/hbird-e200/stubs/_exit.o
 .debug_macro   0x00001091       0x10 ./src/bsp/hbird-e200/stubs/_exit.o
 .debug_macro   0x000010a1       0x10 ./src/bsp/hbird-e200/stubs/_exit.o
 .debug_macro   0x000010b1       0x16 ./src/bsp/hbird-e200/stubs/_exit.o
 .debug_macro   0x000010c7       0x4a ./src/bsp/hbird-e200/stubs/_exit.o
 .debug_macro   0x00001111       0x34 ./src/bsp/hbird-e200/stubs/_exit.o
 .debug_macro   0x00001145       0x6a ./src/bsp/hbird-e200/stubs/_exit.o
 .debug_macro   0x000011af       0x1c ./src/bsp/hbird-e200/stubs/_exit.o
 .debug_macro   0x000011cb       0x52 ./src/bsp/hbird-e200/stubs/_exit.o
 .debug_macro   0x0000121d       0x22 ./src/bsp/hbird-e200/stubs/_exit.o
 .debug_macro   0x0000123f       0x10 ./src/bsp/hbird-e200/stubs/_exit.o
 .debug_macro   0x0000124f       0x52 ./src/bsp/hbird-e200/stubs/_exit.o
 .debug_macro   0x000012a1       0xcf ./src/bsp/hbird-e200/stubs/_exit.o
 .debug_macro   0x00001370       0x1c ./src/bsp/hbird-e200/stubs/_exit.o
 .debug_macro   0x0000138c       0x3d ./src/bsp/hbird-e200/stubs/_exit.o
 .debug_macro   0x000013c9      0x51a ./src/bsp/hbird-e200/stubs/_exit.o
 .debug_macro   0x000018e3       0x1c ./src/bsp/hbird-e200/stubs/_exit.o
 .debug_macro   0x000018ff       0x22 ./src/bsp/hbird-e200/stubs/_exit.o
 .debug_macro   0x00001921      0x1a2 ./src/bsp/hbird-e200/stubs/_exit.o
 .debug_macro   0x00001ac3       0x2e ./src/bsp/hbird-e200/stubs/_exit.o
 .debug_macro   0x00001af1       0x70 ./src/bsp/hbird-e200/stubs/_exit.o
 .debug_macro   0x00001b61       0x5e ./src/bsp/hbird-e200/stubs/_exit.o
 .debug_macro   0x00001bbf       0xa0 ./src/bsp/hbird-e200/stubs/_exit.o
 .debug_macro   0x00001c5f      0x130 ./src/bsp/hbird-e200/stubs/_exit.o
 .debug_macro   0x00001d8f       0x58 ./src/bsp/hbird-e200/stubs/_exit.o
 .debug_macro   0x00001de7       0x16 ./src/bsp/hbird-e200/stubs/_exit.o
 .debug_macro   0x00001dfd      0x1fc ./src/bsp/hbird-e200/stubs/_exit.o
 .debug_macro   0x00001ff9      0x103 ./src/bsp/hbird-e200/stubs/_exit.o
 .debug_macro   0x000020fc      0x1df ./src/bsp/hbird-e200/stubs/_exit.o
 .debug_macro   0x000022db       0x20 ./src/bsp/hbird-e200/stubs/_exit.o
 .debug_macro   0x000022fb       0x4c ./src/bsp/hbird-e200/stubs/_exit.o
 .debug_macro   0x00002347       0xe4 ./src/bsp/hbird-e200/stubs/close.o
 .debug_macro   0x0000242b       0x10 ./src/bsp/hbird-e200/stubs/close.o
 .debug_macro   0x0000243b       0x10 ./src/bsp/hbird-e200/stubs/close.o
 .debug_macro   0x0000244b       0x58 ./src/bsp/hbird-e200/stubs/close.o
 .debug_macro   0x000024a3      0x1de ./src/bsp/hbird-e200/stubs/close.o
 .debug_macro   0x00002681      0x23c ./src/bsp/hbird-e200/stubs/close.o
 .debug_macro   0x000028bd      0x1dc ./src/bsp/hbird-e200/stubs/fstat.o
 .debug_macro   0x00002a99       0x16 ./src/bsp/hbird-e200/stubs/fstat.o
 .debug_macro   0x00002aaf       0x3c ./src/bsp/hbird-e200/stubs/fstat.o
 .debug_macro   0x00002aeb       0x10 ./src/bsp/hbird-e200/stubs/fstat.o
 .debug_macro   0x00002afb       0x10 ./src/bsp/hbird-e200/stubs/fstat.o
 .debug_macro   0x00002b0b       0x10 ./src/bsp/hbird-e200/stubs/fstat.o
 .debug_macro   0x00002b1b       0x35 ./src/bsp/hbird-e200/stubs/fstat.o
 .debug_macro   0x00002b50      0x12c ./src/bsp/hbird-e200/stubs/fstat.o
 .debug_macro   0x00002c7c      0x152 ./src/bsp/hbird-e200/stubs/isatty.o
 .debug_macro   0x00002dce      0x194 ./src/bsp/hbird-e200/stubs/lseek.o
 .debug_macro   0x00002f62      0x223 ./src/bsp/hbird-e200/stubs/read.o
 .debug_macro   0x00003185      0x218 ./src/bsp/hbird-e200/stubs/read.o
 .debug_macro   0x0000339d       0x54 ./src/bsp/hbird-e200/stubs/sbrk.o
 .debug_macro   0x000033f1      0x223 ./src/bsp/hbird-e200/stubs/write.o
 .debug_macro   0x00003614      0x1e1 ./src/bsp/hbird-e200/stubs/write_hex.o
 .debug_macro   0x000037f5      0x24e ./src/bsp/hbird-e200/env/init.o
 .debug_macro   0x00003a43       0x10 ./src/bsp/hbird-e200/env/init.o
 .debug_macro   0x00003a53     0x15c4 ./src/bsp/hbird-e200/env/init.o
 .debug_macro   0x00005017      0x24e ./src/bsp/hbird-e200/drivers/bitmap/bitmap.o
 .debug_macro   0x00005265      0x15b ./src/bsp/hbird-e200/drivers/bitmap/bitmap.o
 .debug_macro   0x000053c0       0x16 ./src/bsp/hbird-e200/drivers/bitmap/bitmap.o
 .debug_macro   0x000053d6       0x16 ./src/bsp/hbird-e200/drivers/bitmap/bitmap.o
 .debug_macro   0x000053ec       0x29 ./src/bsp/hbird-e200/drivers/bitmap/bitmap.o
 .debug_macro   0x00005415       0x16 ./src/bsp/hbird-e200/drivers/bitmap/bitmap.o
 .debug_macro   0x0000542b      0x2d7 ./src/main.o

.debug_line     0x00000000     0x1f2c
 .debug_line    0x00000000      0x1ac ./src/bsp/hbird-e200/stubs/_exit.o
 .debug_line    0x000001ac       0xbb ./src/bsp/hbird-e200/stubs/close.o
 .debug_line    0x00000267      0x163 ./src/bsp/hbird-e200/stubs/fstat.o
 .debug_line    0x000003ca       0xf0 ./src/bsp/hbird-e200/stubs/isatty.o
 .debug_line    0x000004ba      0x125 ./src/bsp/hbird-e200/stubs/lseek.o
 .debug_line    0x000005df      0x15a ./src/bsp/hbird-e200/stubs/read.o
 .debug_line    0x00000739       0xee ./src/bsp/hbird-e200/stubs/sbrk.o
 .debug_line    0x00000827      0x234 ./src/bsp/hbird-e200/stubs/write.o
 .debug_line    0x00000a5b      0x299 ./src/bsp/hbird-e200/stubs/write_hex.o
 .debug_line    0x00000cf4       0x6e ./src/bsp/hbird-e200/env/entry.o
 .debug_line    0x00000d62      0x68a ./src/bsp/hbird-e200/env/init.o
 .debug_line    0x000013ec      0x134 ./src/bsp/hbird-e200/env/start.o
 .debug_line    0x00001520      0x117 ./src/bsp/hbird-e200/drivers/bitmap/bitmap.o
 .debug_line    0x00001637      0x8f5 ./src/main.o

.debug_str      0x00000000     0xf8d5
 .debug_str     0x00000000     0xf8d5 ./src/bsp/hbird-e200/stubs/_exit.o
                               0x8bad (size before relaxing)
 .debug_str     0x0000f8d5     0x5e48 ./src/bsp/hbird-e200/stubs/close.o
 .debug_str     0x0000f8d5     0x7f9c ./src/bsp/hbird-e200/stubs/fstat.o
 .debug_str     0x0000f8d5     0x6319 ./src/bsp/hbird-e200/stubs/isatty.o
 .debug_str     0x0000f8d5     0x78e8 ./src/bsp/hbird-e200/stubs/lseek.o
 .debug_str     0x0000f8d5     0xa145 ./src/bsp/hbird-e200/stubs/read.o
 .debug_str     0x0000f8d5     0x44b5 ./src/bsp/hbird-e200/stubs/sbrk.o
 .debug_str     0x0000f8d5     0xa17b ./src/bsp/hbird-e200/stubs/write.o
 .debug_str     0x0000f8d5     0x8bba ./src/bsp/hbird-e200/stubs/write_hex.o
 .debug_str     0x0000f8d5       0x89 ./src/bsp/hbird-e200/env/entry.o
 .debug_str     0x0000f8d5     0xecaa ./src/bsp/hbird-e200/env/init.o
 .debug_str     0x0000f8d5       0x89 ./src/bsp/hbird-e200/env/start.o
 .debug_str     0x0000f8d5     0x8624 ./src/bsp/hbird-e200/drivers/bitmap/bitmap.o
 .debug_str     0x0000f8d5     0xa5e0 ./src/main.o

.debug_line_str
                0x00000000      0x586
 .debug_line_str
                0x00000000      0x586 ./src/bsp/hbird-e200/stubs/_exit.o
                                0x3ff (size before relaxing)
 .debug_line_str
                0x00000586      0x2b3 ./src/bsp/hbird-e200/stubs/close.o
 .debug_line_str
                0x00000586      0x35e ./src/bsp/hbird-e200/stubs/fstat.o
 .debug_line_str
                0x00000586      0x31c ./src/bsp/hbird-e200/stubs/isatty.o
 .debug_line_str
                0x00000586      0x33f ./src/bsp/hbird-e200/stubs/lseek.o
 .debug_line_str
                0x00000586      0x422 ./src/bsp/hbird-e200/stubs/read.o
 .debug_line_str
                0x00000586      0x255 ./src/bsp/hbird-e200/stubs/sbrk.o
 .debug_line_str
                0x00000586      0x425 ./src/bsp/hbird-e200/stubs/write.o
 .debug_line_str
                0x00000586      0x40b ./src/bsp/hbird-e200/stubs/write_hex.o
 .debug_line_str
                0x00000586       0x7d ./src/bsp/hbird-e200/env/entry.o
 .debug_line_str
                0x00000586      0x411 ./src/bsp/hbird-e200/env/init.o
 .debug_line_str
                0x00000586       0x7d ./src/bsp/hbird-e200/env/start.o
 .debug_line_str
                0x00000586      0x3bc ./src/bsp/hbird-e200/drivers/bitmap/bitmap.o
 .debug_line_str
                0x00000586      0x470 ./src/main.o

.comment        0x00000000       0x33
 .comment       0x00000000       0x33 ./src/bsp/hbird-e200/stubs/_exit.o
                                 0x34 (size before relaxing)
 .comment       0x00000033       0x34 ./src/bsp/hbird-e200/stubs/close.o
 .comment       0x00000033       0x34 ./src/bsp/hbird-e200/stubs/fstat.o
 .comment       0x00000033       0x34 ./src/bsp/hbird-e200/stubs/isatty.o
 .comment       0x00000033       0x34 ./src/bsp/hbird-e200/stubs/lseek.o
 .comment       0x00000033       0x34 ./src/bsp/hbird-e200/stubs/read.o
 .comment       0x00000033       0x34 ./src/bsp/hbird-e200/stubs/sbrk.o
 .comment       0x00000033       0x34 ./src/bsp/hbird-e200/stubs/write.o
 .comment       0x00000033       0x34 ./src/bsp/hbird-e200/stubs/write_hex.o
 .comment       0x00000033       0x34 ./src/bsp/hbird-e200/env/init.o
 .comment       0x00000033       0x34 ./src/bsp/hbird-e200/drivers/bitmap/bitmap.o
 .comment       0x00000033       0x34 ./src/main.o
 .comment       0x00000033       0x34 /opt/xpack-riscv-none-elf-gcc-13.2.0-2/bin/../lib/gcc/riscv-none-elf/13.2.0/../../../../riscv-none-elf/lib/rv32ima/ilp32/libg_nano.a(libc_a-atexit.o)
 .comment       0x00000033       0x34 /opt/xpack-riscv-none-elf-gcc-13.2.0-2/bin/../lib/gcc/riscv-none-elf/13.2.0/../../../../riscv-none-elf/lib/rv32ima/ilp32/libg_nano.a(libc_a-exit.o)
 .comment       0x00000033       0x34 /opt/xpack-riscv-none-elf-gcc-13.2.0-2/bin/../lib/gcc/riscv-none-elf/13.2.0/../../../../riscv-none-elf/lib/rv32ima/ilp32/libg_nano.a(libc_a-findfp.o)
 .comment       0x00000033       0x34 /opt/xpack-riscv-none-elf-gcc-13.2.0-2/bin/../lib/gcc/riscv-none-elf/13.2.0/../../../../riscv-none-elf/lib/rv32ima/ilp32/libg_nano.a(libc_a-fwalk.o)
 .comment       0x00000033       0x34 /opt/xpack-riscv-none-elf-gcc-13.2.0-2/bin/../lib/gcc/riscv-none-elf/13.2.0/../../../../riscv-none-elf/lib/rv32ima/ilp32/libg_nano.a(libc_a-printf.o)
 .comment       0x00000033       0x34 /opt/xpack-riscv-none-elf-gcc-13.2.0-2/bin/../lib/gcc/riscv-none-elf/13.2.0/../../../../riscv-none-elf/lib/rv32ima/ilp32/libg_nano.a(libc_a-stdio.o)
 .comment       0x00000033       0x34 /opt/xpack-riscv-none-elf-gcc-13.2.0-2/bin/../lib/gcc/riscv-none-elf/13.2.0/../../../../riscv-none-elf/lib/rv32ima/ilp32/libg_nano.a(libc_a-closer.o)
 .comment       0x00000033       0x34 /opt/xpack-riscv-none-elf-gcc-13.2.0-2/bin/../lib/gcc/riscv-none-elf/13.2.0/../../../../riscv-none-elf/lib/rv32ima/ilp32/libg_nano.a(libc_a-reent.o)
 .comment       0x00000033       0x34 /opt/xpack-riscv-none-elf-gcc-13.2.0-2/bin/../lib/gcc/riscv-none-elf/13.2.0/../../../../riscv-none-elf/lib/rv32ima/ilp32/libg_nano.a(libc_a-impure.o)
 .comment       0x00000033       0x34 /opt/xpack-riscv-none-elf-gcc-13.2.0-2/bin/../lib/gcc/riscv-none-elf/13.2.0/../../../../riscv-none-elf/lib/rv32ima/ilp32/libg_nano.a(libc_a-lseekr.o)
 .comment       0x00000033       0x34 /opt/xpack-riscv-none-elf-gcc-13.2.0-2/bin/../lib/gcc/riscv-none-elf/13.2.0/../../../../riscv-none-elf/lib/rv32ima/ilp32/libg_nano.a(libc_a-readr.o)
 .comment       0x00000033       0x34 /opt/xpack-riscv-none-elf-gcc-13.2.0-2/bin/../lib/gcc/riscv-none-elf/13.2.0/../../../../riscv-none-elf/lib/rv32ima/ilp32/libg_nano.a(libc_a-writer.o)
 .comment       0x00000033       0x34 /opt/xpack-riscv-none-elf-gcc-13.2.0-2/bin/../lib/gcc/riscv-none-elf/13.2.0/../../../../riscv-none-elf/lib/rv32ima/ilp32/libg_nano.a(libc_a-init.o)
 .comment       0x00000033       0x34 /opt/xpack-riscv-none-elf-gcc-13.2.0-2/bin/../lib/gcc/riscv-none-elf/13.2.0/../../../../riscv-none-elf/lib/rv32ima/ilp32/libg_nano.a(libc_a-fini.o)
 .comment       0x00000033       0x34 /opt/xpack-riscv-none-elf-gcc-13.2.0-2/bin/../lib/gcc/riscv-none-elf/13.2.0/../../../../riscv-none-elf/lib/rv32ima/ilp32/libg_nano.a(libc_a-lock.o)
 .comment       0x00000033       0x34 /opt/xpack-riscv-none-elf-gcc-13.2.0-2/bin/../lib/gcc/riscv-none-elf/13.2.0/../../../../riscv-none-elf/lib/rv32ima/ilp32/libg_nano.a(libc_a-sysisatty.o)
 .comment       0x00000033       0x34 /opt/xpack-riscv-none-elf-gcc-13.2.0-2/bin/../lib/gcc/riscv-none-elf/13.2.0/../../../../riscv-none-elf/lib/rv32ima/ilp32/libg_nano.a(libc_a-syswrite.o)
 .comment       0x00000033       0x34 /opt/xpack-riscv-none-elf-gcc-13.2.0-2/bin/../lib/gcc/riscv-none-elf/13.2.0/../../../../riscv-none-elf/lib/rv32ima/ilp32/libg_nano.a(libc_a-__atexit.o)
 .comment       0x00000033       0x34 /opt/xpack-riscv-none-elf-gcc-13.2.0-2/bin/../lib/gcc/riscv-none-elf/13.2.0/../../../../riscv-none-elf/lib/rv32ima/ilp32/libg_nano.a(libc_a-__call_atexit.o)
 .comment       0x00000033       0x34 /opt/xpack-riscv-none-elf-gcc-13.2.0-2/bin/../lib/gcc/riscv-none-elf/13.2.0/../../../../riscv-none-elf/lib/rv32ima/ilp32/libg_nano.a(libc_a-freer.o)
 .comment       0x00000033       0x34 /opt/xpack-riscv-none-elf-gcc-13.2.0-2/bin/../lib/gcc/riscv-none-elf/13.2.0/../../../../riscv-none-elf/lib/rv32ima/ilp32/libg_nano.a(libc_a-mallocr.o)
 .comment       0x00000033       0x34 /opt/xpack-riscv-none-elf-gcc-13.2.0-2/bin/../lib/gcc/riscv-none-elf/13.2.0/../../../../riscv-none-elf/lib/rv32ima/ilp32/libg_nano.a(libc_a-mlock.o)
 .comment       0x00000033       0x34 /opt/xpack-riscv-none-elf-gcc-13.2.0-2/bin/../lib/gcc/riscv-none-elf/13.2.0/../../../../riscv-none-elf/lib/rv32ima/ilp32/libg_nano.a(libc_a-nano-vfprintf.o)
 .comment       0x00000033       0x34 /opt/xpack-riscv-none-elf-gcc-13.2.0-2/bin/../lib/gcc/riscv-none-elf/13.2.0/../../../../riscv-none-elf/lib/rv32ima/ilp32/libg_nano.a(libc_a-nano-vfprintf_i.o)
 .comment       0x00000033       0x34 /opt/xpack-riscv-none-elf-gcc-13.2.0-2/bin/../lib/gcc/riscv-none-elf/13.2.0/../../../../riscv-none-elf/lib/rv32ima/ilp32/libg_nano.a(libc_a-fflush.o)
 .comment       0x00000033       0x34 /opt/xpack-riscv-none-elf-gcc-13.2.0-2/bin/../lib/gcc/riscv-none-elf/13.2.0/../../../../riscv-none-elf/lib/rv32ima/ilp32/libg_nano.a(libc_a-wbuf.o)
 .comment       0x00000033       0x34 /opt/xpack-riscv-none-elf-gcc-13.2.0-2/bin/../lib/gcc/riscv-none-elf/13.2.0/../../../../riscv-none-elf/lib/rv32ima/ilp32/libg_nano.a(libc_a-wsetup.o)
 .comment       0x00000033       0x34 /opt/xpack-riscv-none-elf-gcc-13.2.0-2/bin/../lib/gcc/riscv-none-elf/13.2.0/../../../../riscv-none-elf/lib/rv32ima/ilp32/libg_nano.a(libc_a-memchr.o)
 .comment       0x00000033       0x34 /opt/xpack-riscv-none-elf-gcc-13.2.0-2/bin/../lib/gcc/riscv-none-elf/13.2.0/../../../../riscv-none-elf/lib/rv32ima/ilp32/libg_nano.a(libc_a-sbrkr.o)
 .comment       0x00000033       0x34 /opt/xpack-riscv-none-elf-gcc-13.2.0-2/bin/../lib/gcc/riscv-none-elf/13.2.0/../../../../riscv-none-elf/lib/rv32ima/ilp32/libg_nano.a(libc_a-makebuf.o)
 .comment       0x00000033       0x34 /opt/xpack-riscv-none-elf-gcc-13.2.0-2/bin/../lib/gcc/riscv-none-elf/13.2.0/../../../../riscv-none-elf/lib/rv32ima/ilp32/libg_nano.a(libc_a-fstatr.o)
 .comment       0x00000033       0x34 /opt/xpack-riscv-none-elf-gcc-13.2.0-2/bin/../lib/gcc/riscv-none-elf/13.2.0/../../../../riscv-none-elf/lib/rv32ima/ilp32/libg_nano.a(libc_a-isattyr.o)

.riscv.attributes
                0x00000000       0x3c
 .riscv.attributes
                0x00000000       0x38 ./src/bsp/hbird-e200/stubs/_exit.o
 .riscv.attributes
                0x00000038       0x38 ./src/bsp/hbird-e200/stubs/close.o
 .riscv.attributes
                0x00000070       0x38 ./src/bsp/hbird-e200/stubs/fstat.o
 .riscv.attributes
                0x000000a8       0x38 ./src/bsp/hbird-e200/stubs/isatty.o
 .riscv.attributes
                0x000000e0       0x38 ./src/bsp/hbird-e200/stubs/lseek.o
 .riscv.attributes
                0x00000118       0x38 ./src/bsp/hbird-e200/stubs/read.o
 .riscv.attributes
                0x00000150       0x38 ./src/bsp/hbird-e200/stubs/sbrk.o
 .riscv.attributes
                0x00000188       0x38 ./src/bsp/hbird-e200/stubs/write.o
 .riscv.attributes
                0x000001c0       0x38 ./src/bsp/hbird-e200/stubs/write_hex.o
 .riscv.attributes
                0x000001f8       0x3a ./src/bsp/hbird-e200/env/entry.o
 .riscv.attributes
                0x00000232       0x3c ./src/bsp/hbird-e200/env/init.o
 .riscv.attributes
                0x0000026e       0x3a ./src/bsp/hbird-e200/env/start.o
 .riscv.attributes
                0x000002a8       0x38 ./src/bsp/hbird-e200/drivers/bitmap/bitmap.o
 .riscv.attributes
                0x000002e0       0x38 ./src/main.o
 .riscv.attributes
                0x00000318       0x2f /opt/xpack-riscv-none-elf-gcc-13.2.0-2/bin/../lib/gcc/riscv-none-elf/13.2.0/../../../../riscv-none-elf/lib/rv32ima/ilp32/libg_nano.a(libc_a-atexit.o)
 .riscv.attributes
                0x00000347       0x2f /opt/xpack-riscv-none-elf-gcc-13.2.0-2/bin/../lib/gcc/riscv-none-elf/13.2.0/../../../../riscv-none-elf/lib/rv32ima/ilp32/libg_nano.a(libc_a-exit.o)
 .riscv.attributes
                0x00000376       0x2f /opt/xpack-riscv-none-elf-gcc-13.2.0-2/bin/../lib/gcc/riscv-none-elf/13.2.0/../../../../riscv-none-elf/lib/rv32ima/ilp32/libg_nano.a(libc_a-findfp.o)
 .riscv.attributes
                0x000003a5       0x2f /opt/xpack-riscv-none-elf-gcc-13.2.0-2/bin/../lib/gcc/riscv-none-elf/13.2.0/../../../../riscv-none-elf/lib/rv32ima/ilp32/libg_nano.a(libc_a-fwalk.o)
 .riscv.attributes
                0x000003d4       0x2f /opt/xpack-riscv-none-elf-gcc-13.2.0-2/bin/../lib/gcc/riscv-none-elf/13.2.0/../../../../riscv-none-elf/lib/rv32ima/ilp32/libg_nano.a(libc_a-printf.o)
 .riscv.attributes
                0x00000403       0x2f /opt/xpack-riscv-none-elf-gcc-13.2.0-2/bin/../lib/gcc/riscv-none-elf/13.2.0/../../../../riscv-none-elf/lib/rv32ima/ilp32/libg_nano.a(libc_a-stdio.o)
 .riscv.attributes
                0x00000432       0x2f /opt/xpack-riscv-none-elf-gcc-13.2.0-2/bin/../lib/gcc/riscv-none-elf/13.2.0/../../../../riscv-none-elf/lib/rv32ima/ilp32/libg_nano.a(libc_a-closer.o)
 .riscv.attributes
                0x00000461       0x2f /opt/xpack-riscv-none-elf-gcc-13.2.0-2/bin/../lib/gcc/riscv-none-elf/13.2.0/../../../../riscv-none-elf/lib/rv32ima/ilp32/libg_nano.a(libc_a-reent.o)
 .riscv.attributes
                0x00000490       0x2f /opt/xpack-riscv-none-elf-gcc-13.2.0-2/bin/../lib/gcc/riscv-none-elf/13.2.0/../../../../riscv-none-elf/lib/rv32ima/ilp32/libg_nano.a(libc_a-impure.o)
 .riscv.attributes
                0x000004bf       0x2f /opt/xpack-riscv-none-elf-gcc-13.2.0-2/bin/../lib/gcc/riscv-none-elf/13.2.0/../../../../riscv-none-elf/lib/rv32ima/ilp32/libg_nano.a(libc_a-lseekr.o)
 .riscv.attributes
                0x000004ee       0x2f /opt/xpack-riscv-none-elf-gcc-13.2.0-2/bin/../lib/gcc/riscv-none-elf/13.2.0/../../../../riscv-none-elf/lib/rv32ima/ilp32/libg_nano.a(libc_a-readr.o)
 .riscv.attributes
                0x0000051d       0x2f /opt/xpack-riscv-none-elf-gcc-13.2.0-2/bin/../lib/gcc/riscv-none-elf/13.2.0/../../../../riscv-none-elf/lib/rv32ima/ilp32/libg_nano.a(libc_a-writer.o)
 .riscv.attributes
                0x0000054c       0x2f /opt/xpack-riscv-none-elf-gcc-13.2.0-2/bin/../lib/gcc/riscv-none-elf/13.2.0/../../../../riscv-none-elf/lib/rv32ima/ilp32/libg_nano.a(libc_a-init.o)
 .riscv.attributes
                0x0000057b       0x2f /opt/xpack-riscv-none-elf-gcc-13.2.0-2/bin/../lib/gcc/riscv-none-elf/13.2.0/../../../../riscv-none-elf/lib/rv32ima/ilp32/libg_nano.a(libc_a-fini.o)
 .riscv.attributes
                0x000005aa       0x2f /opt/xpack-riscv-none-elf-gcc-13.2.0-2/bin/../lib/gcc/riscv-none-elf/13.2.0/../../../../riscv-none-elf/lib/rv32ima/ilp32/libg_nano.a(libc_a-lock.o)
 .riscv.attributes
                0x000005d9       0x2f /opt/xpack-riscv-none-elf-gcc-13.2.0-2/bin/../lib/gcc/riscv-none-elf/13.2.0/../../../../riscv-none-elf/lib/rv32ima/ilp32/libg_nano.a(libc_a-sysisatty.o)
 .riscv.attributes
                0x00000608       0x2f /opt/xpack-riscv-none-elf-gcc-13.2.0-2/bin/../lib/gcc/riscv-none-elf/13.2.0/../../../../riscv-none-elf/lib/rv32ima/ilp32/libg_nano.a(libc_a-syswrite.o)
 .riscv.attributes
                0x00000637       0x2d /opt/xpack-riscv-none-elf-gcc-13.2.0-2/bin/../lib/gcc/riscv-none-elf/13.2.0/../../../../riscv-none-elf/lib/rv32ima/ilp32/libg_nano.a(libc_a-memset.o)
 .riscv.attributes
                0x00000664       0x2f /opt/xpack-riscv-none-elf-gcc-13.2.0-2/bin/../lib/gcc/riscv-none-elf/13.2.0/../../../../riscv-none-elf/lib/rv32ima/ilp32/libg_nano.a(libc_a-__atexit.o)
 .riscv.attributes
                0x00000693       0x2f /opt/xpack-riscv-none-elf-gcc-13.2.0-2/bin/../lib/gcc/riscv-none-elf/13.2.0/../../../../riscv-none-elf/lib/rv32ima/ilp32/libg_nano.a(libc_a-__call_atexit.o)
 .riscv.attributes
                0x000006c2       0x2f /opt/xpack-riscv-none-elf-gcc-13.2.0-2/bin/../lib/gcc/riscv-none-elf/13.2.0/../../../../riscv-none-elf/lib/rv32ima/ilp32/libg_nano.a(libc_a-freer.o)
 .riscv.attributes
                0x000006f1       0x2f /opt/xpack-riscv-none-elf-gcc-13.2.0-2/bin/../lib/gcc/riscv-none-elf/13.2.0/../../../../riscv-none-elf/lib/rv32ima/ilp32/libg_nano.a(libc_a-mallocr.o)
 .riscv.attributes
                0x00000720       0x2f /opt/xpack-riscv-none-elf-gcc-13.2.0-2/bin/../lib/gcc/riscv-none-elf/13.2.0/../../../../riscv-none-elf/lib/rv32ima/ilp32/libg_nano.a(libc_a-mlock.o)
 .riscv.attributes
                0x0000074f       0x2f /opt/xpack-riscv-none-elf-gcc-13.2.0-2/bin/../lib/gcc/riscv-none-elf/13.2.0/../../../../riscv-none-elf/lib/rv32ima/ilp32/libg_nano.a(libc_a-nano-vfprintf.o)
 .riscv.attributes
                0x0000077e       0x2f /opt/xpack-riscv-none-elf-gcc-13.2.0-2/bin/../lib/gcc/riscv-none-elf/13.2.0/../../../../riscv-none-elf/lib/rv32ima/ilp32/libg_nano.a(libc_a-nano-vfprintf_i.o)
 .riscv.attributes
                0x000007ad       0x2f /opt/xpack-riscv-none-elf-gcc-13.2.0-2/bin/../lib/gcc/riscv-none-elf/13.2.0/../../../../riscv-none-elf/lib/rv32ima/ilp32/libg_nano.a(libc_a-fflush.o)
 .riscv.attributes
                0x000007dc       0x2f /opt/xpack-riscv-none-elf-gcc-13.2.0-2/bin/../lib/gcc/riscv-none-elf/13.2.0/../../../../riscv-none-elf/lib/rv32ima/ilp32/libg_nano.a(libc_a-wbuf.o)
 .riscv.attributes
                0x0000080b       0x2f /opt/xpack-riscv-none-elf-gcc-13.2.0-2/bin/../lib/gcc/riscv-none-elf/13.2.0/../../../../riscv-none-elf/lib/rv32ima/ilp32/libg_nano.a(libc_a-wsetup.o)
 .riscv.attributes
                0x0000083a       0x2f /opt/xpack-riscv-none-elf-gcc-13.2.0-2/bin/../lib/gcc/riscv-none-elf/13.2.0/../../../../riscv-none-elf/lib/rv32ima/ilp32/libg_nano.a(libc_a-memchr.o)
 .riscv.attributes
                0x00000869       0x2f /opt/xpack-riscv-none-elf-gcc-13.2.0-2/bin/../lib/gcc/riscv-none-elf/13.2.0/../../../../riscv-none-elf/lib/rv32ima/ilp32/libg_nano.a(libc_a-sbrkr.o)
 .riscv.attributes
                0x00000898       0x2f /opt/xpack-riscv-none-elf-gcc-13.2.0-2/bin/../lib/gcc/riscv-none-elf/13.2.0/../../../../riscv-none-elf/lib/rv32ima/ilp32/libg_nano.a(libc_a-makebuf.o)
 .riscv.attributes
                0x000008c7       0x2f /opt/xpack-riscv-none-elf-gcc-13.2.0-2/bin/../lib/gcc/riscv-none-elf/13.2.0/../../../../riscv-none-elf/lib/rv32ima/ilp32/libg_nano.a(libc_a-fstatr.o)
 .riscv.attributes
                0x000008f6       0x2f /opt/xpack-riscv-none-elf-gcc-13.2.0-2/bin/../lib/gcc/riscv-none-elf/13.2.0/../../../../riscv-none-elf/lib/rv32ima/ilp32/libg_nano.a(libc_a-isattyr.o)

.debug_frame    0x00000000      0x2c4
 .debug_frame   0x00000000       0x2c ./src/bsp/hbird-e200/stubs/_exit.o
 .debug_frame   0x0000002c       0x20 ./src/bsp/hbird-e200/stubs/close.o
 .debug_frame   0x0000004c       0x34 ./src/bsp/hbird-e200/stubs/fstat.o
 .debug_frame   0x00000080       0x20 ./src/bsp/hbird-e200/stubs/isatty.o
 .debug_frame   0x000000a0       0x2c ./src/bsp/hbird-e200/stubs/lseek.o
 .debug_frame   0x000000cc       0x20 ./src/bsp/hbird-e200/stubs/read.o
 .debug_frame   0x000000ec       0x20 ./src/bsp/hbird-e200/stubs/sbrk.o
 .debug_frame   0x0000010c       0x38 ./src/bsp/hbird-e200/stubs/write.o
 .debug_frame   0x00000144       0x48 ./src/bsp/hbird-e200/stubs/write_hex.o
 .debug_frame   0x0000018c       0xfc ./src/bsp/hbird-e200/env/init.o
 .debug_frame   0x00000288       0x3c ./src/main.o
